// Jest Snapshot v1, https://goo.gl/fbAQLP

exports[`Episodes component matches snapshot 1`] = `
Array [
  <div
    className="sc-bdvvtL kTbYry"
  />,
  <div
    className="sc-eCImPb dsOhdD"
    data-testid="pagination"
  />,
]
`;
